[debug] [2026-02-23T17:24:12.160Z] ----------------------------------------------------------------------
[debug] [2026-02-23T17:24:12.161Z] Command:       /home/badar/.nvm/versions/node/v20.20.0/bin/node /home/badar/.nvm/versions/node/v20.20.0/bin/firebase deploy --only functions:fetcher
[debug] [2026-02-23T17:24:12.161Z] CLI Version:   15.6.0
[debug] [2026-02-23T17:24:12.161Z] Platform:      linux
[debug] [2026-02-23T17:24:12.161Z] Node Version:  v20.20.0
[debug] [2026-02-23T17:24:12.162Z] Time:          Mon Feb 23 2026 22:24:12 GMT+0500 (Pakistan Standard Time)
[debug] [2026-02-23T17:24:12.162Z] ----------------------------------------------------------------------
[debug] 
[debug] [2026-02-23T17:24:12.690Z] > command requires scopes: ["email","openid","https://www.googleapis.com/auth/cloudplatformprojects.readonly","https://www.googleapis.com/auth/firebase","https://www.googleapis.com/auth/cloud-platform"]
[debug] [2026-02-23T17:24:12.690Z] > authorizing via signed-in user (throttleconnectv1@gmail.com)
[debug] [2026-02-23T17:24:12.690Z] [iam] checking project throttle-connect-7d64c for permissions ["cloudfunctions.functions.create","cloudfunctions.functions.delete","cloudfunctions.functions.get","cloudfunctions.functions.list","cloudfunctions.functions.update","cloudfunctions.operations.get","firebase.projects.get"]
[debug] [2026-02-23T17:24:12.691Z] Checked if tokens are valid: false, expires at: 1771867272817
[debug] [2026-02-23T17:24:12.691Z] Checked if tokens are valid: false, expires at: 1771867272817
[debug] [2026-02-23T17:24:12.691Z] > refreshing access token with scopes: []
[debug] [2026-02-23T17:24:12.692Z] >>> [apiv2][query] POST https://www.googleapis.com/oauth2/v3/token [none]
[debug] [2026-02-23T17:24:12.692Z] >>> [apiv2][body] POST https://www.googleapis.com/oauth2/v3/token [omitted]
[debug] [2026-02-23T17:24:13.235Z] <<< [apiv2][status] POST https://www.googleapis.com/oauth2/v3/token 200
[debug] [2026-02-23T17:24:13.235Z] <<< [apiv2][body] POST https://www.googleapis.com/oauth2/v3/token [omitted]
[debug] [2026-02-23T17:24:13.245Z] >>> [apiv2][query] POST https://cloudresourcemanager.googleapis.com/v1/projects/throttle-connect-7d64c:testIamPermissions [none]
[debug] [2026-02-23T17:24:13.245Z] >>> [apiv2][(partial)header] POST https://cloudresourcemanager.googleapis.com/v1/projects/throttle-connect-7d64c:testIamPermissions  x-goog-user-project=throttle-connect-7d64c
[debug] [2026-02-23T17:24:13.245Z] >>> [apiv2][body] POST https://cloudresourcemanager.googleapis.com/v1/projects/throttle-connect-7d64c:testIamPermissions {"permissions":["cloudfunctions.functions.create","cloudfunctions.functions.delete","cloudfunctions.functions.get","cloudfunctions.functions.list","cloudfunctions.functions.update","cloudfunctions.operations.get","firebase.projects.get"]}
[debug] [2026-02-23T17:24:15.855Z] <<< [apiv2][status] POST https://cloudresourcemanager.googleapis.com/v1/projects/throttle-connect-7d64c:testIamPermissions 200
[debug] [2026-02-23T17:24:15.856Z] <<< [apiv2][body] POST https://cloudresourcemanager.googleapis.com/v1/projects/throttle-connect-7d64c:testIamPermissions {"permissions":["cloudfunctions.functions.create","cloudfunctions.functions.delete","cloudfunctions.functions.get","cloudfunctions.functions.list","cloudfunctions.functions.update","cloudfunctions.operations.get","firebase.projects.get"]}
[debug] [2026-02-23T17:24:15.856Z] Checked if tokens are valid: true, expires at: 1771871052235
[debug] [2026-02-23T17:24:15.856Z] Checked if tokens are valid: true, expires at: 1771871052235
[debug] [2026-02-23T17:24:15.856Z] >>> [apiv2][query] POST https://iam.googleapis.com/v1/projects/throttle-connect-7d64c/serviceAccounts/throttle-connect-7d64c@appspot.gserviceaccount.com:testIamPermissions [none]
[debug] [2026-02-23T17:24:15.856Z] >>> [apiv2][body] POST https://iam.googleapis.com/v1/projects/throttle-connect-7d64c/serviceAccounts/throttle-connect-7d64c@appspot.gserviceaccount.com:testIamPermissions {"permissions":["iam.serviceAccounts.actAs"]}
[debug] [2026-02-23T17:24:18.518Z] <<< [apiv2][status] POST https://iam.googleapis.com/v1/projects/throttle-connect-7d64c/serviceAccounts/throttle-connect-7d64c@appspot.gserviceaccount.com:testIamPermissions 200
[debug] [2026-02-23T17:24:18.519Z] <<< [apiv2][body] POST https://iam.googleapis.com/v1/projects/throttle-connect-7d64c/serviceAccounts/throttle-connect-7d64c@appspot.gserviceaccount.com:testIamPermissions {"permissions":["iam.serviceAccounts.actAs"]}
[info] 
[info] === Deploying to 'throttle-connect-7d64c'...
[info] 
[info] i  deploying functions 
[info] Running command: npm --prefix "$RESOURCE_DIR" run lint
[info] Running command: npm --prefix "$RESOURCE_DIR" run build
[info] ✔  functions: Finished running predeploy script. 
[debug] [2026-02-23T17:24:23.236Z] Checked if tokens are valid: true, expires at: 1771871052235
[debug] [2026-02-23T17:24:23.236Z] Checked if tokens are valid: true, expires at: 1771871052235
[debug] [2026-02-23T17:24:23.236Z] >>> [apiv2][query] GET https://cloudresourcemanager.googleapis.com/v1/projects/throttle-connect-7d64c [none]
[debug] [2026-02-23T17:24:24.878Z] <<< [apiv2][status] GET https://cloudresourcemanager.googleapis.com/v1/projects/throttle-connect-7d64c 200
[debug] [2026-02-23T17:24:24.879Z] <<< [apiv2][body] GET https://cloudresourcemanager.googleapis.com/v1/projects/throttle-connect-7d64c {"projectNumber":"288842490543","projectId":"throttle-connect-7d64c","lifecycleState":"ACTIVE","name":"throttle-connect","labels":{"firebase":"enabled","firebase-core":"disabled"},"createTime":"2026-02-06T20:02:29.532097Z"}
[info] i  functions: preparing codebase default for deployment 
[info] i  functions: ensuring required API cloudfunctions.googleapis.com is enabled... 
[info] i  functions: ensuring required API cloudbuild.googleapis.com is enabled... 
[info] i  artifactregistry: ensuring required API artifactregistry.googleapis.com is enabled... 
[debug] [2026-02-23T17:24:24.880Z] Checked if tokens are valid: true, expires at: 1771871052235
[debug] [2026-02-23T17:24:24.880Z] Checked if tokens are valid: true, expires at: 1771871052235
[debug] [2026-02-23T17:24:24.881Z] >>> [apiv2][query] GET https://firebase.googleapis.com/v1beta1/projects/throttle-connect-7d64c/adminSdkConfig [none]
[debug] [2026-02-23T17:24:25.890Z] <<< [apiv2][status] GET https://firebase.googleapis.com/v1beta1/projects/throttle-connect-7d64c/adminSdkConfig 200
[debug] [2026-02-23T17:24:25.891Z] <<< [apiv2][body] GET https://firebase.googleapis.com/v1beta1/projects/throttle-connect-7d64c/adminSdkConfig {"projectId":"throttle-connect-7d64c","storageBucket":"throttle-connect-7d64c.firebasestorage.app"}
[debug] [2026-02-23T17:24:25.895Z] Validating nodejs source
[debug] [2026-02-23T17:24:35.917Z] checkFunctionsSDKVersion was unable to fetch information from NPM Error: spawnSync npm ETIMEDOUT
    at Object.spawnSync (node:internal/child_process:1123:20)
    at Object.spawnSync (node:child_process:877:24)
    at Function.spawnSync [as sync] (/home/badar/.nvm/versions/node/v20.20.0/lib/node_modules/firebase-tools/node_modules/cross-spawn/index.js:26:23)
    at Object.getLatestSDKVersion (/home/badar/.nvm/versions/node/v20.20.0/lib/node_modules/firebase-tools/lib/deploy/functions/runtimes/node/versioning.js:55:25)
    at Object.checkFunctionsSDKVersion (/home/badar/.nvm/versions/node/v20.20.0/lib/node_modules/firebase-tools/lib/deploy/functions/runtimes/node/versioning.js:74:32)
    at Delegate.validate (/home/badar/.nvm/versions/node/v20.20.0/lib/node_modules/firebase-tools/lib/deploy/functions/runtimes/node/index.js:88:20)
    at loadCodebases (/home/badar/.nvm/versions/node/v20.20.0/lib/node_modules/firebase-tools/lib/deploy/functions/prepare.js:326:31)
    at async prepare (/home/badar/.nvm/versions/node/v20.20.0/lib/node_modules/firebase-tools/lib/deploy/functions/prepare.js:69:24)
    at async chain (/home/badar/.nvm/versions/node/v20.20.0/lib/node_modules/firebase-tools/lib/deploy/index.js:45:9)
    at async deploy (/home/badar/.nvm/versions/node/v20.20.0/lib/node_modules/firebase-tools/lib/deploy/index.js:124:9)
[debug] [2026-02-23T17:24:35.918Z] > [functions] package.json contents: {
  "name": "functions",
  "scripts": {
    "lint": "echo 'Skipping lint for deploy'",
    "build": "tsc",
    "build:watch": "tsc --watch",
    "serve": "npm run build && firebase emulators:start --only functions",
    "shell": "npm run build && firebase functions:shell",
    "start": "npm run shell",
    "deploy": "firebase deploy --only functions",
    "logs": "firebase functions:log"
  },
  "engines": {
    "node": "24"
  },
  "main": "lib/src/index.js",
  "dependencies": {
    "@graphql-tools/merge": "^9.1.7",
    "@graphql-tools/schema": "^10.0.31",
    "firebase-admin": "^13.6.0",
    "firebase-functions": "^7.0.0",
    "graphql": "^16.12.0"
  },
  "devDependencies": {
    "@typescript-eslint/eslint-plugin": "^6.21.0",
    "@typescript-eslint/parser": "^6.21.0",
    "eslint": "^8.57.1",
    "eslint-config-google": "^0.14.0",
    "eslint-plugin-import": "^2.25.4",
    "firebase-functions-test": "^3.4.1",
    "typescript": "^5.7.3"
  },
  "private": true
}
[debug] [2026-02-23T17:24:35.919Z] Building nodejs source
[info] i  functions: Loading and analyzing source code for codebase default to determine what to deploy 
[debug] [2026-02-23T17:24:35.922Z] Could not find functions.yaml. Must use http discovery
[debug] [2026-02-23T17:24:35.927Z] Found firebase-functions binary at '/home/badar/Desktop/projects/throttle-connect-v1/functions/node_modules/.bin/firebase-functions'
[info] Serving at port 8590

[debug] [2026-02-23T17:24:36.125Z] Got response from /__/functions.yaml {"endpoints":{"fetcher":{"availableMemoryMb":null,"timeoutSeconds":null,"minInstances":null,"maxInstances":null,"ingressSettings":null,"concurrency":null,"serviceAccountEmail":null,"vpc":null,"platform":"gcfv2","labels":{},"httpsTrigger":{},"entryPoint":"fetcher"},"onboard":{"availableMemoryMb":null,"timeoutSeconds":null,"minInstances":null,"maxInstances":null,"ingressSettings":null,"concurrency":null,"serviceAccountEmail":null,"vpc":null,"platform":"gcfv2","labels":{},"httpsTrigger":{},"entryPoint":"onboard"}},"specVersion":"v1alpha1","requiredAPIs":[],"extensions":{}}
